// Jest Snapshot v1, https://goo.gl/fbAQLP

exports[`renders correctly 1`] = `
<Text
  style={
    [
      {
        "fontSize": 16,
        "letterSpacing": 0,
      },
    ]
  }
>
  Snapshot test!
</Text>
`;
